#! /ucrt64/bin/vvp
:ivl_version "13.0 (stable)" "(v13_0)";
:ivl_delay_selection "TYPICAL";
:vpi_time_precision + 0;
:vpi_module "C:\msys64\ucrt64\lib\ivl\system.vpi";
:vpi_module "C:\msys64\ucrt64\lib\ivl\vhdl_sys.vpi";
:vpi_module "C:\msys64\ucrt64\lib\ivl\vhdl_textio.vpi";
:vpi_module "C:\msys64\ucrt64\lib\ivl\v2005_math.vpi";
:vpi_module "C:\msys64\ucrt64\lib\ivl\va_math.vpi";
:vpi_module "C:\msys64\ucrt64\lib\ivl\v2009.vpi";
S_000001e4161293e0 .scope package, "$unit" "$unit" 2 1;
 .timescale 0 0;
S_000001e416144d60 .scope module, "matrix_mul_tb" "matrix_mul_tb" 3 1;
 .timescale 0 0;
v000001e416197ec0_0 .var "a00", 7 0;
v000001e4161980a0_0 .var "a01", 7 0;
v000001e416197f60_0 .var "a10", 7 0;
v000001e4161981e0_0 .var "a11", 7 0;
v000001e416198460_0 .var "b00", 7 0;
v000001e416198280_0 .var "b01", 7 0;
v000001e416198500_0 .var "b10", 7 0;
v000001e4161985a0_0 .var "b11", 7 0;
v000001e416199420_0 .net "c00", 15 0, v000001e4161983c0_0;  1 drivers
v000001e416198d40_0 .net "c01", 15 0, v000001e416197920_0;  1 drivers
v000001e4161992e0_0 .net "c10", 15 0, v000001e416198140_0;  1 drivers
v000001e416198e80_0 .net "c11", 15 0, v000001e4161979c0_0;  1 drivers
v000001e416198de0_0 .var "clk", 0 0;
v000001e41619a000_0 .net "done", 0 0, v000001e4161986e0_0;  1 drivers
v000001e41619a780_0 .var "rst", 0 0;
v000001e416199600_0 .var "start", 0 0;
S_000001e416132e80 .scope module, "dut" "matrix_mul" 3 14, 4 1 0, S_000001e416144d60;
 .timescale 0 0;
    .port_info 0 /INPUT 1 "clk";
    .port_info 1 /INPUT 1 "rst";
    .port_info 2 /INPUT 1 "start";
    .port_info 3 /INPUT 8 "a00";
    .port_info 4 /INPUT 8 "a01";
    .port_info 5 /INPUT 8 "a10";
    .port_info 6 /INPUT 8 "a11";
    .port_info 7 /INPUT 8 "b00";
    .port_info 8 /INPUT 8 "b01";
    .port_info 9 /INPUT 8 "b10";
    .port_info 10 /INPUT 8 "b11";
    .port_info 11 /OUTPUT 1 "done";
    .port_info 12 /OUTPUT 16 "c00";
    .port_info 13 /OUTPUT 16 "c01";
    .port_info 14 /OUTPUT 16 "c10";
    .port_info 15 /OUTPUT 16 "c11";
enum000001e41613d790 .enum4 (2)
   "IDLE" 2'b00,
   "COMPUTE" 2'b01,
   "DONE" 2'b10
 ;
v000001e416144ef0_0 .net "a00", 7 0, v000001e416197ec0_0;  1 drivers
v000001e4160ef2f0_0 .net "a01", 7 0, v000001e4161980a0_0;  1 drivers
v000001e41612ce00_0 .net "a10", 7 0, v000001e416197f60_0;  1 drivers
v000001e4161331a0_0 .net "a11", 7 0, v000001e4161981e0_0;  1 drivers
v000001e416197c40_0 .net "b00", 7 0, v000001e416198460_0;  1 drivers
v000001e416198640_0 .net "b01", 7 0, v000001e416198280_0;  1 drivers
v000001e416198320_0 .net "b10", 7 0, v000001e416198500_0;  1 drivers
v000001e416198820_0 .net "b11", 7 0, v000001e4161985a0_0;  1 drivers
v000001e4161983c0_0 .var "c00", 15 0;
v000001e416197920_0 .var "c01", 15 0;
v000001e416198140_0 .var "c10", 15 0;
v000001e4161979c0_0 .var "c11", 15 0;
v000001e416198000_0 .net "clk", 0 0, v000001e416198de0_0;  1 drivers
v000001e4161986e0_0 .var "done", 0 0;
v000001e416197ba0_0 .net "rst", 0 0, v000001e41619a780_0;  1 drivers
v000001e416197d80_0 .net "start", 0 0, v000001e416199600_0;  1 drivers
v000001e416198780_0 .var "state", 1 0;
v000001e416197a60_0 .var "temp_c00", 15 0;
v000001e416197b00_0 .var "temp_c01", 15 0;
v000001e416197ce0_0 .var "temp_c10", 15 0;
v000001e416197e20_0 .var "temp_c11", 15 0;
E_000001e41613fce0 .event posedge, v000001e416198000_0;
    .scope S_000001e416132e80;
T_0 ;
    %wait E_000001e41613fce0;
    %load/vec4 v000001e416197ba0_0;
    %flag_set/vec4 8;
    %jmp/0xz  T_0.0, 8;
    %pushi/vec4 0, 0, 2;
    %assign/vec4 v000001e416198780_0, 0;
    %pushi/vec4 0, 0, 1;
    %assign/vec4 v000001e4161986e0_0, 0;
    %pushi/vec4 0, 0, 16;
    %assign/vec4 v000001e4161983c0_0, 0;
    %pushi/vec4 0, 0, 16;
    %assign/vec4 v000001e416197920_0, 0;
    %pushi/vec4 0, 0, 16;
    %assign/vec4 v000001e416198140_0, 0;
    %pushi/vec4 0, 0, 16;
    %assign/vec4 v000001e4161979c0_0, 0;
    %jmp T_0.1;
T_0.0 ;
    %load/vec4 v000001e416198780_0;
    %dup/vec4;
    %pushi/vec4 0, 0, 2;
    %cmp/u;
    %jmp/1 T_0.2, 6;
    %dup/vec4;
    %pushi/vec4 1, 0, 2;
    %cmp/u;
    %jmp/1 T_0.3, 6;
    %dup/vec4;
    %pushi/vec4 2, 0, 2;
    %cmp/u;
    %jmp/1 T_0.4, 6;
    %jmp T_0.5;
T_0.2 ;
    %pushi/vec4 0, 0, 1;
    %assign/vec4 v000001e4161986e0_0, 0;
    %load/vec4 v000001e416197d80_0;
    %flag_set/vec4 8;
    %jmp/0xz  T_0.6, 8;
    %load/vec4 v000001e416144ef0_0;
    %pad/u 16;
    %load/vec4 v000001e416197c40_0;
    %pad/u 16;
    %mul;
    %load/vec4 v000001e4160ef2f0_0;
    %pad/u 16;
    %load/vec4 v000001e416198320_0;
    %pad/u 16;
    %mul;
    %add;
    %assign/vec4 v000001e416197a60_0, 0;
    %load/vec4 v000001e416144ef0_0;
    %pad/u 16;
    %load/vec4 v000001e416198640_0;
    %pad/u 16;
    %mul;
    %load/vec4 v000001e4160ef2f0_0;
    %pad/u 16;
    %load/vec4 v000001e416198820_0;
    %pad/u 16;
    %mul;
    %add;
    %assign/vec4 v000001e416197b00_0, 0;
    %load/vec4 v000001e41612ce00_0;
    %pad/u 16;
    %load/vec4 v000001e416197c40_0;
    %pad/u 16;
    %mul;
    %load/vec4 v000001e4161331a0_0;
    %pad/u 16;
    %load/vec4 v000001e416198320_0;
    %pad/u 16;
    %mul;
    %add;
    %assign/vec4 v000001e416197ce0_0, 0;
    %load/vec4 v000001e41612ce00_0;
    %pad/u 16;
    %load/vec4 v000001e416198640_0;
    %pad/u 16;
    %mul;
    %load/vec4 v000001e4161331a0_0;
    %pad/u 16;
    %load/vec4 v000001e416198820_0;
    %pad/u 16;
    %mul;
    %add;
    %assign/vec4 v000001e416197e20_0, 0;
    %pushi/vec4 1, 0, 2;
    %assign/vec4 v000001e416198780_0, 0;
T_0.6 ;
    %jmp T_0.5;
T_0.3 ;
    %load/vec4 v000001e416197a60_0;
    %assign/vec4 v000001e4161983c0_0, 0;
    %load/vec4 v000001e416197b00_0;
    %assign/vec4 v000001e416197920_0, 0;
    %load/vec4 v000001e416197ce0_0;
    %assign/vec4 v000001e416198140_0, 0;
    %load/vec4 v000001e416197e20_0;
    %assign/vec4 v000001e4161979c0_0, 0;
    %pushi/vec4 2, 0, 2;
    %assign/vec4 v000001e416198780_0, 0;
    %jmp T_0.5;
T_0.4 ;
    %pushi/vec4 1, 0, 1;
    %assign/vec4 v000001e4161986e0_0, 0;
    %pushi/vec4 0, 0, 2;
    %assign/vec4 v000001e416198780_0, 0;
    %jmp T_0.5;
T_0.5 ;
    %pop/vec4 1;
T_0.1 ;
    %jmp T_0;
    .thread T_0;
    .scope S_000001e416144d60;
T_1 ;
    %delay 5, 0;
    %load/vec4 v000001e416198de0_0;
    %inv;
    %store/vec4 v000001e416198de0_0, 0, 1;
    %jmp T_1;
    .thread T_1;
    .scope S_000001e416144d60;
T_2 ;
    %vpi_call/w 3 43 "$dumpfile", "wave.vcd" {0 0 0};
    %vpi_call/w 3 44 "$dumpvars", 32'sb00000000000000000000000000000000, S_000001e416144d60 {0 0 0};
    %end;
    .thread T_2;
    .scope S_000001e416144d60;
T_3 ;
    %pushi/vec4 0, 0, 1;
    %store/vec4 v000001e416198de0_0, 0, 1;
    %pushi/vec4 1, 0, 1;
    %store/vec4 v000001e41619a780_0, 0, 1;
    %pushi/vec4 0, 0, 1;
    %store/vec4 v000001e416199600_0, 0, 1;
    %delay 20, 0;
    %pushi/vec4 0, 0, 1;
    %store/vec4 v000001e41619a780_0, 0, 1;
    %pushi/vec4 1, 0, 8;
    %store/vec4 v000001e416197ec0_0, 0, 8;
    %pushi/vec4 2, 0, 8;
    %store/vec4 v000001e4161980a0_0, 0, 8;
    %pushi/vec4 3, 0, 8;
    %store/vec4 v000001e416197f60_0, 0, 8;
    %pushi/vec4 4, 0, 8;
    %store/vec4 v000001e4161981e0_0, 0, 8;
    %pushi/vec4 5, 0, 8;
    %store/vec4 v000001e416198460_0, 0, 8;
    %pushi/vec4 6, 0, 8;
    %store/vec4 v000001e416198280_0, 0, 8;
    %pushi/vec4 7, 0, 8;
    %store/vec4 v000001e416198500_0, 0, 8;
    %pushi/vec4 8, 0, 8;
    %store/vec4 v000001e4161985a0_0, 0, 8;
    %delay 10, 0;
    %pushi/vec4 1, 0, 1;
    %store/vec4 v000001e416199600_0, 0, 1;
    %delay 10, 0;
    %pushi/vec4 0, 0, 1;
    %store/vec4 v000001e416199600_0, 0, 1;
    %delay 100, 0;
    %vpi_call/w 3 75 "$display", "c00 = %0d", v000001e416199420_0 {0 0 0};
    %vpi_call/w 3 76 "$display", "c01 = %0d", v000001e416198d40_0 {0 0 0};
    %vpi_call/w 3 77 "$display", "c10 = %0d", v000001e4161992e0_0 {0 0 0};
    %vpi_call/w 3 78 "$display", "c11 = %0d", v000001e416198e80_0 {0 0 0};
    %vpi_call/w 3 80 "$finish" {0 0 0};
    %end;
    .thread T_3;
# The file index is used to find the file name in the following table.
:file_names 5;
    "N/A";
    "<interactive>";
    "-";
    "sim/matrix_mul_tb.sv";
    "rtl/matrix_mul.sv";
