
 /----------------------------------------------------------------------------\
 |  yosys -- Yosys Open SYnthesis Suite                                       |
 |  Copyright (C) 2012 - 2025  Claire Xenia Wolf <claire@yosyshq.com>         |
 |  Distributed under an ISC-like license, type "license" to see terms        |
 \----------------------------------------------------------------------------/
 Yosys 0.56 (git sha1 9c447ad9d4b1ea589369364eea38b4d70da2c599, x86_64-w64-mingw32-g++ 16.1.0 -march=nocona -msahf -mtune=generic -O2 -fstack-protector-strong -O3)

-- Executing script file `design_prep.ys' --

1. Executing RTLIL frontend.
Input filename: design.il

2. Executing SCC pass (detecting logic loops).
Found 0 SCCs in module matrix_mul_formal.
Found 0 SCCs in module matrix_mul.
Found 0 SCCs.

3. Executing SIMPLEMAP pass (map simple cells to gate primitives).

4. Executing MEMORY_NORDFF pass (extracting $dff cells from memories).

5. Executing ASYNC2SYNC pass.

6. Executing OPT_CLEAN pass (remove unused cells and wires).
Finding unused cells or wires in module \matrix_mul_formal..
Finding unused cells or wires in module \matrix_mul..
Removed 12 unused cells and 12 unused wires.
<suppressed ~13 debug messages>

7. Executing FORMALFF pass.

8. Executing OPT_CLEAN pass (remove unused cells and wires).
Finding unused cells or wires in module \matrix_mul..
Finding unused cells or wires in module \matrix_mul_formal..
Removed 1 unused cells and 1 unused wires.
<suppressed ~2 debug messages>

9. Executing CHECK pass (checking for obvious problems).
Checking module matrix_mul...
Checking module matrix_mul_formal...
Warning: Wire matrix_mul_formal.\start is used but has no driver.
Warning: Wire matrix_mul_formal.\rst is used but has no driver.
Warning: Wire matrix_mul_formal.\clk is used but has no driver.
Warning: Wire matrix_mul_formal.\a11 [7] is used but has no driver.
Warning: Wire matrix_mul_formal.\a11 [6] is used but has no driver.
Warning: Wire matrix_mul_formal.\a11 [5] is used but has no driver.
Warning: Wire matrix_mul_formal.\a11 [4] is used but has no driver.
Warning: Wire matrix_mul_formal.\a11 [3] is used but has no driver.
Warning: Wire matrix_mul_formal.\a11 [2] is used but has no driver.
Warning: Wire matrix_mul_formal.\a11 [1] is used but has no driver.
Warning: Wire matrix_mul_formal.\a11 [0] is used but has no driver.
Warning: Wire matrix_mul_formal.\a10 [7] is used but has no driver.
Warning: Wire matrix_mul_formal.\a10 [6] is used but has no driver.
Warning: Wire matrix_mul_formal.\a10 [5] is used but has no driver.
Warning: Wire matrix_mul_formal.\a10 [4] is used but has no driver.
Warning: Wire matrix_mul_formal.\a10 [3] is used but has no driver.
Warning: Wire matrix_mul_formal.\a10 [2] is used but has no driver.
Warning: Wire matrix_mul_formal.\a10 [1] is used but has no driver.
Warning: Wire matrix_mul_formal.\a10 [0] is used but has no driver.
Warning: Wire matrix_mul_formal.\b11 [7] is used but has no driver.
Warning: Wire matrix_mul_formal.\b11 [6] is used but has no driver.
Warning: Wire matrix_mul_formal.\b11 [5] is used but has no driver.
Warning: Wire matrix_mul_formal.\b11 [4] is used but has no driver.
Warning: Wire matrix_mul_formal.\b11 [3] is used but has no driver.
Warning: Wire matrix_mul_formal.\b11 [2] is used but has no driver.
Warning: Wire matrix_mul_formal.\b11 [1] is used but has no driver.
Warning: Wire matrix_mul_formal.\b11 [0] is used but has no driver.
Warning: Wire matrix_mul_formal.\b01 [7] is used but has no driver.
Warning: Wire matrix_mul_formal.\b01 [6] is used but has no driver.
Warning: Wire matrix_mul_formal.\b01 [5] is used but has no driver.
Warning: Wire matrix_mul_formal.\b01 [4] is used but has no driver.
Warning: Wire matrix_mul_formal.\b01 [3] is used but has no driver.
Warning: Wire matrix_mul_formal.\b01 [2] is used but has no driver.
Warning: Wire matrix_mul_formal.\b01 [1] is used but has no driver.
Warning: Wire matrix_mul_formal.\b01 [0] is used but has no driver.
Warning: Wire matrix_mul_formal.\b10 [7] is used but has no driver.
Warning: Wire matrix_mul_formal.\b10 [6] is used but has no driver.
Warning: Wire matrix_mul_formal.\b10 [5] is used but has no driver.
Warning: Wire matrix_mul_formal.\b10 [4] is used but has no driver.
Warning: Wire matrix_mul_formal.\b10 [3] is used but has no driver.
Warning: Wire matrix_mul_formal.\b10 [2] is used but has no driver.
Warning: Wire matrix_mul_formal.\b10 [1] is used but has no driver.
Warning: Wire matrix_mul_formal.\b10 [0] is used but has no driver.
Warning: Wire matrix_mul_formal.\a01 [7] is used but has no driver.
Warning: Wire matrix_mul_formal.\a01 [6] is used but has no driver.
Warning: Wire matrix_mul_formal.\a01 [5] is used but has no driver.
Warning: Wire matrix_mul_formal.\a01 [4] is used but has no driver.
Warning: Wire matrix_mul_formal.\a01 [3] is used but has no driver.
Warning: Wire matrix_mul_formal.\a01 [2] is used but has no driver.
Warning: Wire matrix_mul_formal.\a01 [1] is used but has no driver.
Warning: Wire matrix_mul_formal.\a01 [0] is used but has no driver.
Warning: Wire matrix_mul_formal.\b00 [7] is used but has no driver.
Warning: Wire matrix_mul_formal.\b00 [6] is used but has no driver.
Warning: Wire matrix_mul_formal.\b00 [5] is used but has no driver.
Warning: Wire matrix_mul_formal.\b00 [4] is used but has no driver.
Warning: Wire matrix_mul_formal.\b00 [3] is used but has no driver.
Warning: Wire matrix_mul_formal.\b00 [2] is used but has no driver.
Warning: Wire matrix_mul_formal.\b00 [1] is used but has no driver.
Warning: Wire matrix_mul_formal.\b00 [0] is used but has no driver.
Warning: Wire matrix_mul_formal.\a00 [7] is used but has no driver.
Warning: Wire matrix_mul_formal.\a00 [6] is used but has no driver.
Warning: Wire matrix_mul_formal.\a00 [5] is used but has no driver.
Warning: Wire matrix_mul_formal.\a00 [4] is used but has no driver.
Warning: Wire matrix_mul_formal.\a00 [3] is used but has no driver.
Warning: Wire matrix_mul_formal.\a00 [2] is used but has no driver.
Warning: Wire matrix_mul_formal.\a00 [1] is used but has no driver.
Warning: Wire matrix_mul_formal.\a00 [0] is used but has no driver.
Found and reported 67 problems.

10. Executing SETUNDEF pass (replace undef values with defined constants).

11. Executing OPT pass (performing simple optimizations).

11.1. Executing OPT_EXPR pass (perform const folding).
Optimizing module matrix_mul.
Optimizing module matrix_mul_formal.

11.2. Executing OPT_MERGE pass (detect identical cells).
Finding identical cells in module `\matrix_mul'.
Finding identical cells in module `\matrix_mul_formal'.
<suppressed ~9 debug messages>
Removed a total of 3 cells.

11.3. Executing OPT_DFF pass (perform DFF optimizations).

11.4. Executing OPT_CLEAN pass (remove unused cells and wires).
Finding unused cells or wires in module \matrix_mul..
Finding unused cells or wires in module \matrix_mul_formal..
Removed 0 unused cells and 70 unused wires.
<suppressed ~1 debug messages>

11.5. Finished fast OPT passes.

12. Executing OPT_CLEAN pass (remove unused cells and wires).
Finding unused cells or wires in module \matrix_mul..
Finding unused cells or wires in module \matrix_mul_formal..

13. Executing RTLIL backend.
Output filename: ../model/design_prep.il

Warnings: 67 unique messages, 67 total
End of script. Logfile hash: 2e47ca685e
Yosys 0.56 (git sha1 9c447ad9d4b1ea589369364eea38b4d70da2c599, x86_64-w64-mingw32-g++ 16.1.0 -march=nocona -msahf -mtune=generic -O2 -fstack-protector-strong -O3)
Time spent: 5% 4x opt_clean (0 sec), 5% 3x chformal (0 sec), ...
