
 /----------------------------------------------------------------------------\
 |  yosys -- Yosys Open SYnthesis Suite                                       |
 |  Copyright (C) 2012 - 2025  Claire Xenia Wolf <claire@yosyshq.com>         |
 |  Distributed under an ISC-like license, type "license" to see terms        |
 \----------------------------------------------------------------------------/
 Yosys 0.56 (git sha1 9c447ad9d4b1ea589369364eea38b4d70da2c599, x86_64-w64-mingw32-g++ 16.1.0 -march=nocona -msahf -mtune=generic -O2 -fstack-protector-strong -O3)

-- Executing script file `design_smt2.ys' --

1. Executing RTLIL frontend.
Input filename: design_prep.il

2. Executing HIERARCHY pass (managing design hierarchy).
Attribute `top' found on module `matrix_mul_formal'. Setting top module to matrix_mul_formal.

2.1. Analyzing design hierarchy..
Top module:  \matrix_mul_formal
Used module:     \matrix_mul

2.2. Analyzing design hierarchy..
Top module:  \matrix_mul_formal
Used module:     \matrix_mul
Removed 0 unused modules.
Module matrix_mul_formal directly or indirectly contains formal properties -> setting "keep" attribute.

3. Executing FORMALFF pass.

4. Executing DFFUNMAP pass (unmap clock enable and synchronous reset from FFs).

5. Printing statistics.

=== matrix_mul_formal ===

   Number of wires:                 39
   Number of wire bits:            335
   Number of public wires:          16
   Number of public wire bits:     132
   Number of ports:                  0
   Number of port bits:              0
   Number of memories:               0
   Number of memory bits:            0
   Number of processes:              0
   Number of cells:                 96
     $add                            4
     $anyseq                        67
     $assert                         4
     $assume                         1
     $eq                             4
     $ff                             5
     $mul                            8
     $mux                            1
     $not                            1
     matrix_mul                      1

=== matrix_mul ===

   Number of wires:                 62
   Number of wire bits:            722
   Number of public wires:          21
   Number of public wire bits:     198
   Number of ports:                 16
   Number of port bits:            132
   Number of memories:               0
   Number of memory bits:            0
   Number of processes:              0
   Number of cells:                 52
     $add                            4
     $anyinit                       10
     $assume                         1
     $eq                             2
     $logic_not                      1
     $mul                            8
     $mux                           23
     $not                            1
     $pmux                           2

=== design hierarchy ===

   matrix_mul_formal                 1
     matrix_mul                      1

   Number of wires:                101
   Number of wire bits:           1057
   Number of public wires:          37
   Number of public wire bits:     330
   Number of ports:                 16
   Number of port bits:            132
   Number of memories:               0
   Number of memory bits:            0
   Number of processes:              0
   Number of cells:                147
     $add                            8
     $anyinit                       10
     $anyseq                        67
     $assert                         4
     $assume                         2
     $eq                             6
     $ff                             5
     $logic_not                      1
     $mul                           16
     $mux                           24
     $not                            2
     $pmux                           2

6. Executing SMT2 backend.

6.1. Executing BMUXMAP pass.

6.2. Executing DEMUXMAP pass.
Creating SMT-LIBv2 representation of module matrix_mul.
Creating SMT-LIBv2 representation of module matrix_mul_formal.

End of script. Logfile hash: b3a2362432
Yosys 0.56 (git sha1 9c447ad9d4b1ea589369364eea38b4d70da2c599, x86_64-w64-mingw32-g++ 16.1.0 -march=nocona -msahf -mtune=generic -O2 -fstack-protector-strong -O3)
Time spent: 11% 2x write_smt2 (0 sec), 11% 2x read_rtlil (0 sec), ...
