
 /----------------------------------------------------------------------------\
 |  yosys -- Yosys Open SYnthesis Suite                                       |
 |  Copyright (C) 2012 - 2025  Claire Xenia Wolf <claire@yosyshq.com>         |
 |  Distributed under an ISC-like license, type "license" to see terms        |
 \----------------------------------------------------------------------------/
 Yosys 0.56 (git sha1 9c447ad9d4b1ea589369364eea38b4d70da2c599, x86_64-w64-mingw32-g++ 16.1.0 -march=nocona -msahf -mtune=generic -O2 -fstack-protector-strong -O3)

-- Executing script file `../model/design.ys' --

1. Executing Verilog-2005 frontend: matrix_mul.sv
Parsing formal SystemVerilog input from `matrix_mul.sv' to AST representation.
Storing AST representation for module `$abstract\matrix_mul'.
Successfully finished Verilog frontend.

2. Executing Verilog-2005 frontend: matrix_mul_formal.sv
Parsing formal SystemVerilog input from `matrix_mul_formal.sv' to AST representation.
Storing AST representation for module `$abstract\matrix_mul_formal'.
Successfully finished Verilog frontend.

3. Executing PREP pass.

3.1. Executing HIERARCHY pass (managing design hierarchy).

3.2. Executing AST frontend in derive mode using pre-parsed AST for module `\matrix_mul_formal'.
Generating RTLIL representation for module `\matrix_mul_formal'.

3.2.1. Analyzing design hierarchy..
Top module:  \matrix_mul_formal

3.2.2. Executing AST frontend in derive mode using pre-parsed AST for module `\matrix_mul'.
Generating RTLIL representation for module `\matrix_mul'.

3.2.3. Analyzing design hierarchy..
Top module:  \matrix_mul_formal
Used module:     \matrix_mul

3.2.4. Analyzing design hierarchy..
Top module:  \matrix_mul_formal
Used module:     \matrix_mul
Removing unused module `$abstract\matrix_mul_formal'.
Removing unused module `$abstract\matrix_mul'.
Removed 2 unused modules.
Module matrix_mul_formal directly or indirectly contains formal properties -> setting "keep" attribute.

3.3. Executing PROC pass (convert processes to netlists).

3.3.1. Executing PROC_CLEAN pass (remove empty switches from decision trees).
Cleaned up 0 empty switches.

3.3.2. Executing PROC_RMDEAD pass (remove dead branches from decision trees).
Marked 1 switch rules as full_case in process $proc$matrix_mul.sv:32$25 in module matrix_mul.
Removed a total of 0 dead cases.

3.3.3. Executing PROC_PRUNE pass (remove redundant assignments in processes).
Removed 0 redundant assignments.
Promoted 2 assignments to connections.

3.3.4. Executing PROC_INIT pass (extract init attributes).
Found init rule in `\matrix_mul_formal.$proc$matrix_mul_formal.sv:0$24'.
  Set init value: \clk = 1'0

3.3.5. Executing PROC_ARST pass (detect async resets in processes).

3.3.6. Executing PROC_ROM pass (convert switches to ROMs).
Converted 0 switches.
<suppressed ~4 debug messages>

3.3.7. Executing PROC_MUX pass (convert decision trees to multiplexers).
Creating decoders for process `\matrix_mul.$proc$matrix_mul.sv:32$25'.
     1/10: $0\temp_c11[15:0]
     2/10: $0\temp_c10[15:0]
     3/10: $0\temp_c01[15:0]
     4/10: $0\temp_c00[15:0]
     5/10: $0\state[1:0]
     6/10: $0\c11[15:0]
     7/10: $0\c10[15:0]
     8/10: $0\c01[15:0]
     9/10: $0\c00[15:0]
    10/10: $0\done[0:0]
Creating decoders for process `\matrix_mul_formal.$proc$matrix_mul_formal.sv:0$24'.
Creating decoders for process `\matrix_mul_formal.$proc$matrix_mul_formal.sv:45$3'.
     1/4: $assert$matrix_mul_formal.sv:53$19_EN
     2/4: $assert$matrix_mul_formal.sv:52$14_EN
     3/4: $assert$matrix_mul_formal.sv:50$9_EN
     4/4: $assert$matrix_mul_formal.sv:49$4_EN
Creating decoders for process `\matrix_mul_formal.$proc$matrix_mul_formal.sv:39$1'.

3.3.8. Executing PROC_DLATCH pass (convert process syncs to latches).
No latch inferred for signal `\matrix_mul_formal.\clk' from process `\matrix_mul_formal.$proc$matrix_mul_formal.sv:39$1'.
Removing init bit 1'0 for non-memory siginal `\matrix_mul_formal.\clk` in process `\matrix_mul_formal.$proc$matrix_mul_formal.sv:39$1`.

3.3.9. Executing PROC_DFF pass (convert process syncs to FFs).
Creating register for signal `\matrix_mul.\done' using process `\matrix_mul.$proc$matrix_mul.sv:32$25'.
  created $dff cell `$procdff$121' with positive edge clock.
Creating register for signal `\matrix_mul.\c00' using process `\matrix_mul.$proc$matrix_mul.sv:32$25'.
  created $dff cell `$procdff$122' with positive edge clock.
Creating register for signal `\matrix_mul.\c01' using process `\matrix_mul.$proc$matrix_mul.sv:32$25'.
  created $dff cell `$procdff$123' with positive edge clock.
Creating register for signal `\matrix_mul.\c10' using process `\matrix_mul.$proc$matrix_mul.sv:32$25'.
  created $dff cell `$procdff$124' with positive edge clock.
Creating register for signal `\matrix_mul.\c11' using process `\matrix_mul.$proc$matrix_mul.sv:32$25'.
  created $dff cell `$procdff$125' with positive edge clock.
Creating register for signal `\matrix_mul.\state' using process `\matrix_mul.$proc$matrix_mul.sv:32$25'.
  created $dff cell `$procdff$126' with positive edge clock.
Creating register for signal `\matrix_mul.\temp_c00' using process `\matrix_mul.$proc$matrix_mul.sv:32$25'.
  created $dff cell `$procdff$127' with positive edge clock.
Creating register for signal `\matrix_mul.\temp_c01' using process `\matrix_mul.$proc$matrix_mul.sv:32$25'.
  created $dff cell `$procdff$128' with positive edge clock.
Creating register for signal `\matrix_mul.\temp_c10' using process `\matrix_mul.$proc$matrix_mul.sv:32$25'.
  created $dff cell `$procdff$129' with positive edge clock.
Creating register for signal `\matrix_mul.\temp_c11' using process `\matrix_mul.$proc$matrix_mul.sv:32$25'.
  created $dff cell `$procdff$130' with positive edge clock.

3.3.10. Executing PROC_MEMWR pass (convert process memory writes to cells).

3.3.11. Executing PROC_CLEAN pass (remove empty switches from decision trees).
Found and cleaned up 3 empty switches in `\matrix_mul.$proc$matrix_mul.sv:32$25'.
Removing empty process `matrix_mul.$proc$matrix_mul.sv:32$25'.
Removing empty process `matrix_mul_formal.$proc$matrix_mul_formal.sv:0$24'.
Found and cleaned up 1 empty switch in `\matrix_mul_formal.$proc$matrix_mul_formal.sv:45$3'.
Removing empty process `matrix_mul_formal.$proc$matrix_mul_formal.sv:45$3'.
Removing empty process `matrix_mul_formal.$proc$matrix_mul_formal.sv:39$1'.
Cleaned up 4 empty switches.

3.3.12. Executing OPT_EXPR pass (perform const folding).
Optimizing module matrix_mul.
<suppressed ~6 debug messages>
Optimizing module matrix_mul_formal.
Couldn't topologically sort cells, optimizing module matrix_mul_formal may take a longer time.
<suppressed ~1 debug messages>

3.4. Executing FUTURE pass.

3.5. Executing OPT_EXPR pass (perform const folding).
Optimizing module matrix_mul.
Optimizing module matrix_mul_formal.

3.6. Executing OPT_CLEAN pass (remove unused cells and wires).
Finding unused cells or wires in module \matrix_mul..
Finding unused cells or wires in module \matrix_mul_formal..
Removed 0 unused cells and 36 unused wires.
<suppressed ~2 debug messages>

3.7. Executing CHECK pass (checking for obvious problems).
Checking module matrix_mul...
Checking module matrix_mul_formal...
Warning: Wire matrix_mul_formal.\start is used but has no driver.
Warning: Wire matrix_mul_formal.\rst is used but has no driver.
Warning: Wire matrix_mul_formal.\a11 [7] is used but has no driver.
Warning: Wire matrix_mul_formal.\a11 [6] is used but has no driver.
Warning: Wire matrix_mul_formal.\a11 [5] is used but has no driver.
Warning: Wire matrix_mul_formal.\a11 [4] is used but has no driver.
Warning: Wire matrix_mul_formal.\a11 [3] is used but has no driver.
Warning: Wire matrix_mul_formal.\a11 [2] is used but has no driver.
Warning: Wire matrix_mul_formal.\a11 [1] is used but has no driver.
Warning: Wire matrix_mul_formal.\a11 [0] is used but has no driver.
Warning: Wire matrix_mul_formal.\a10 [7] is used but has no driver.
Warning: Wire matrix_mul_formal.\a10 [6] is used but has no driver.
Warning: Wire matrix_mul_formal.\a10 [5] is used but has no driver.
Warning: Wire matrix_mul_formal.\a10 [4] is used but has no driver.
Warning: Wire matrix_mul_formal.\a10 [3] is used but has no driver.
Warning: Wire matrix_mul_formal.\a10 [2] is used but has no driver.
Warning: Wire matrix_mul_formal.\a10 [1] is used but has no driver.
Warning: Wire matrix_mul_formal.\a10 [0] is used but has no driver.
Warning: Wire matrix_mul_formal.\b11 [7] is used but has no driver.
Warning: Wire matrix_mul_formal.\b11 [6] is used but has no driver.
Warning: Wire matrix_mul_formal.\b11 [5] is used but has no driver.
Warning: Wire matrix_mul_formal.\b11 [4] is used but has no driver.
Warning: Wire matrix_mul_formal.\b11 [3] is used but has no driver.
Warning: Wire matrix_mul_formal.\b11 [2] is used but has no driver.
Warning: Wire matrix_mul_formal.\b11 [1] is used but has no driver.
Warning: Wire matrix_mul_formal.\b11 [0] is used but has no driver.
Warning: Wire matrix_mul_formal.\b01 [7] is used but has no driver.
Warning: Wire matrix_mul_formal.\b01 [6] is used but has no driver.
Warning: Wire matrix_mul_formal.\b01 [5] is used but has no driver.
Warning: Wire matrix_mul_formal.\b01 [4] is used but has no driver.
Warning: Wire matrix_mul_formal.\b01 [3] is used but has no driver.
Warning: Wire matrix_mul_formal.\b01 [2] is used but has no driver.
Warning: Wire matrix_mul_formal.\b01 [1] is used but has no driver.
Warning: Wire matrix_mul_formal.\b01 [0] is used but has no driver.
Warning: Wire matrix_mul_formal.\b10 [7] is used but has no driver.
Warning: Wire matrix_mul_formal.\b10 [6] is used but has no driver.
Warning: Wire matrix_mul_formal.\b10 [5] is used but has no driver.
Warning: Wire matrix_mul_formal.\b10 [4] is used but has no driver.
Warning: Wire matrix_mul_formal.\b10 [3] is used but has no driver.
Warning: Wire matrix_mul_formal.\b10 [2] is used but has no driver.
Warning: Wire matrix_mul_formal.\b10 [1] is used but has no driver.
Warning: Wire matrix_mul_formal.\b10 [0] is used but has no driver.
Warning: Wire matrix_mul_formal.\a01 [7] is used but has no driver.
Warning: Wire matrix_mul_formal.\a01 [6] is used but has no driver.
Warning: Wire matrix_mul_formal.\a01 [5] is used but has no driver.
Warning: Wire matrix_mul_formal.\a01 [4] is used but has no driver.
Warning: Wire matrix_mul_formal.\a01 [3] is used but has no driver.
Warning: Wire matrix_mul_formal.\a01 [2] is used but has no driver.
Warning: Wire matrix_mul_formal.\a01 [1] is used but has no driver.
Warning: Wire matrix_mul_formal.\a01 [0] is used but has no driver.
Warning: Wire matrix_mul_formal.\b00 [7] is used but has no driver.
Warning: Wire matrix_mul_formal.\b00 [6] is used but has no driver.
Warning: Wire matrix_mul_formal.\b00 [5] is used but has no driver.
Warning: Wire matrix_mul_formal.\b00 [4] is used but has no driver.
Warning: Wire matrix_mul_formal.\b00 [3] is used but has no driver.
Warning: Wire matrix_mul_formal.\b00 [2] is used but has no driver.
Warning: Wire matrix_mul_formal.\b00 [1] is used but has no driver.
Warning: Wire matrix_mul_formal.\b00 [0] is used but has no driver.
Warning: Wire matrix_mul_formal.\a00 [7] is used but has no driver.
Warning: Wire matrix_mul_formal.\a00 [6] is used but has no driver.
Warning: Wire matrix_mul_formal.\a00 [5] is used but has no driver.
Warning: Wire matrix_mul_formal.\a00 [4] is used but has no driver.
Warning: Wire matrix_mul_formal.\a00 [3] is used but has no driver.
Warning: Wire matrix_mul_formal.\a00 [2] is used but has no driver.
Warning: Wire matrix_mul_formal.\a00 [1] is used but has no driver.
Warning: Wire matrix_mul_formal.\a00 [0] is used but has no driver.
Warning: Wire matrix_mul_formal.\clk is used but has no driver.
Found and reported 67 problems.

3.8. Executing OPT pass (performing simple optimizations).

3.8.1. Executing OPT_EXPR pass (perform const folding).
Optimizing module matrix_mul.
Optimizing module matrix_mul_formal.

3.8.2. Executing OPT_MERGE pass (detect identical cells).
Finding identical cells in module `\matrix_mul'.
<suppressed ~30 debug messages>
Finding identical cells in module `\matrix_mul_formal'.
Removed a total of 10 cells.

3.8.3. Executing OPT_MUXTREE pass (detect dead branches in mux trees).
Running muxtree optimizer on module \matrix_mul..
  Creating internal representation of mux trees.
  Evaluating internal representation of mux trees.
  Analyzing evaluation results.
Running muxtree optimizer on module \matrix_mul_formal..
  Creating internal representation of mux trees.
  Evaluating internal representation of mux trees.
  Analyzing evaluation results.
Removed 0 multiplexer ports.
<suppressed ~14 debug messages>

3.8.4. Executing OPT_REDUCE pass (consolidate $*mux and $reduce_* inputs).
  Optimizing cells in module \matrix_mul.
  Optimizing cells in module \matrix_mul_formal.
Performed a total of 0 changes.

3.8.5. Executing OPT_MERGE pass (detect identical cells).
Finding identical cells in module `\matrix_mul'.
Finding identical cells in module `\matrix_mul_formal'.
<suppressed ~9 debug messages>
Removed a total of 3 cells.

3.8.6. Executing OPT_CLEAN pass (remove unused cells and wires).
Finding unused cells or wires in module \matrix_mul..
Finding unused cells or wires in module \matrix_mul_formal..
Removed 0 unused cells and 13 unused wires.
<suppressed ~2 debug messages>

3.8.7. Executing OPT_EXPR pass (perform const folding).
Optimizing module matrix_mul.
Optimizing module matrix_mul_formal.

3.8.8. Rerunning OPT passes. (Maybe there is more to do..)

3.8.9. Executing OPT_MUXTREE pass (detect dead branches in mux trees).
Running muxtree optimizer on module \matrix_mul..
  Creating internal representation of mux trees.
  Evaluating internal representation of mux trees.
  Analyzing evaluation results.
Running muxtree optimizer on module \matrix_mul_formal..
  Creating internal representation of mux trees.
  Evaluating internal representation of mux trees.
  Analyzing evaluation results.
Removed 0 multiplexer ports.
<suppressed ~11 debug messages>

3.8.10. Executing OPT_REDUCE pass (consolidate $*mux and $reduce_* inputs).
  Optimizing cells in module \matrix_mul.
  Optimizing cells in module \matrix_mul_formal.
Performed a total of 0 changes.

3.8.11. Executing OPT_MERGE pass (detect identical cells).
Finding identical cells in module `\matrix_mul'.
Finding identical cells in module `\matrix_mul_formal'.
Removed a total of 0 cells.

3.8.12. Executing OPT_CLEAN pass (remove unused cells and wires).
Finding unused cells or wires in module \matrix_mul..
Finding unused cells or wires in module \matrix_mul_formal..

3.8.13. Executing OPT_EXPR pass (perform const folding).
Optimizing module matrix_mul.
Optimizing module matrix_mul_formal.

3.8.14. Finished OPT passes. (There is nothing left to do.)

3.9. Executing WREDUCE pass (reducing word size of cells).
Removed top 1 bits (of 2) from port B of cell matrix_mul.$procmux$103_CMP0 ($eq).

3.10. Executing OPT_CLEAN pass (remove unused cells and wires).
Finding unused cells or wires in module \matrix_mul..
Finding unused cells or wires in module \matrix_mul_formal..

3.11. Executing MEMORY_COLLECT pass (generating $mem cells).

3.12. Executing OPT pass (performing simple optimizations).

3.12.1. Executing OPT_EXPR pass (perform const folding).
Optimizing module matrix_mul.
Optimizing module matrix_mul_formal.

3.12.2. Executing OPT_MERGE pass (detect identical cells).
Finding identical cells in module `\matrix_mul'.
Finding identical cells in module `\matrix_mul_formal'.
Removed a total of 0 cells.

3.12.3. Executing OPT_CLEAN pass (remove unused cells and wires).
Finding unused cells or wires in module \matrix_mul..
Finding unused cells or wires in module \matrix_mul_formal..

3.12.4. Finished fast OPT passes.

3.13. Printing statistics.

=== matrix_mul ===

   Number of wires:                 61
   Number of wire bits:            721
   Number of public wires:          21
   Number of public wire bits:     198
   Number of ports:                 16
   Number of port bits:            132
   Number of memories:               0
   Number of memory bits:            0
   Number of processes:              0
   Number of cells:                 50
     $add                            4
     $dff                           10
     $eq                             2
     $logic_not                      1
     $mul                            8
     $mux                           23
     $pmux                           2

=== matrix_mul_formal ===

   Number of wires:                 33
   Number of wire bits:            329
   Number of public wires:          16
   Number of public wire bits:     132
   Number of ports:                  0
   Number of port bits:              0
   Number of memories:               0
   Number of memory bits:            0
   Number of processes:              0
   Number of cells:                 22
     $add                            4
     $check                          4
     $eq                             4
     $mul                            8
     $mux                            1
     matrix_mul                      1

=== design hierarchy ===

   matrix_mul_formal                 1
     matrix_mul                      1

   Number of wires:                 94
   Number of wire bits:           1050
   Number of public wires:          37
   Number of public wire bits:     330
   Number of ports:                 16
   Number of port bits:            132
   Number of memories:               0
   Number of memory bits:            0
   Number of processes:              0
   Number of cells:                 71
     $add                            8
     $check                          4
     $dff                           10
     $eq                             6
     $logic_not                      1
     $mul                           16
     $mux                           24
     $pmux                           2

3.14. Executing CHECK pass (checking for obvious problems).
Checking module matrix_mul...
Checking module matrix_mul_formal...
Warning: Wire matrix_mul_formal.\start is used but has no driver.
Warning: Wire matrix_mul_formal.\rst is used but has no driver.
Warning: Wire matrix_mul_formal.\a11 [7] is used but has no driver.
Warning: Wire matrix_mul_formal.\a11 [6] is used but has no driver.
Warning: Wire matrix_mul_formal.\a11 [5] is used but has no driver.
Warning: Wire matrix_mul_formal.\a11 [4] is used but has no driver.
Warning: Wire matrix_mul_formal.\a11 [3] is used but has no driver.
Warning: Wire matrix_mul_formal.\a11 [2] is used but has no driver.
Warning: Wire matrix_mul_formal.\a11 [1] is used but has no driver.
Warning: Wire matrix_mul_formal.\a11 [0] is used but has no driver.
Warning: Wire matrix_mul_formal.\a10 [7] is used but has no driver.
Warning: Wire matrix_mul_formal.\a10 [6] is used but has no driver.
Warning: Wire matrix_mul_formal.\a10 [5] is used but has no driver.
Warning: Wire matrix_mul_formal.\a10 [4] is used but has no driver.
Warning: Wire matrix_mul_formal.\a10 [3] is used but has no driver.
Warning: Wire matrix_mul_formal.\a10 [2] is used but has no driver.
Warning: Wire matrix_mul_formal.\a10 [1] is used but has no driver.
Warning: Wire matrix_mul_formal.\a10 [0] is used but has no driver.
Warning: Wire matrix_mul_formal.\b11 [7] is used but has no driver.
Warning: Wire matrix_mul_formal.\b11 [6] is used but has no driver.
Warning: Wire matrix_mul_formal.\b11 [5] is used but has no driver.
Warning: Wire matrix_mul_formal.\b11 [4] is used but has no driver.
Warning: Wire matrix_mul_formal.\b11 [3] is used but has no driver.
Warning: Wire matrix_mul_formal.\b11 [2] is used but has no driver.
Warning: Wire matrix_mul_formal.\b11 [1] is used but has no driver.
Warning: Wire matrix_mul_formal.\b11 [0] is used but has no driver.
Warning: Wire matrix_mul_formal.\b01 [7] is used but has no driver.
Warning: Wire matrix_mul_formal.\b01 [6] is used but has no driver.
Warning: Wire matrix_mul_formal.\b01 [5] is used but has no driver.
Warning: Wire matrix_mul_formal.\b01 [4] is used but has no driver.
Warning: Wire matrix_mul_formal.\b01 [3] is used but has no driver.
Warning: Wire matrix_mul_formal.\b01 [2] is used but has no driver.
Warning: Wire matrix_mul_formal.\b01 [1] is used but has no driver.
Warning: Wire matrix_mul_formal.\b01 [0] is used but has no driver.
Warning: Wire matrix_mul_formal.\b10 [7] is used but has no driver.
Warning: Wire matrix_mul_formal.\b10 [6] is used but has no driver.
Warning: Wire matrix_mul_formal.\b10 [5] is used but has no driver.
Warning: Wire matrix_mul_formal.\b10 [4] is used but has no driver.
Warning: Wire matrix_mul_formal.\b10 [3] is used but has no driver.
Warning: Wire matrix_mul_formal.\b10 [2] is used but has no driver.
Warning: Wire matrix_mul_formal.\b10 [1] is used but has no driver.
Warning: Wire matrix_mul_formal.\b10 [0] is used but has no driver.
Warning: Wire matrix_mul_formal.\a01 [7] is used but has no driver.
Warning: Wire matrix_mul_formal.\a01 [6] is used but has no driver.
Warning: Wire matrix_mul_formal.\a01 [5] is used but has no driver.
Warning: Wire matrix_mul_formal.\a01 [4] is used but has no driver.
Warning: Wire matrix_mul_formal.\a01 [3] is used but has no driver.
Warning: Wire matrix_mul_formal.\a01 [2] is used but has no driver.
Warning: Wire matrix_mul_formal.\a01 [1] is used but has no driver.
Warning: Wire matrix_mul_formal.\a01 [0] is used but has no driver.
Warning: Wire matrix_mul_formal.\b00 [7] is used but has no driver.
Warning: Wire matrix_mul_formal.\b00 [6] is used but has no driver.
Warning: Wire matrix_mul_formal.\b00 [5] is used but has no driver.
Warning: Wire matrix_mul_formal.\b00 [4] is used but has no driver.
Warning: Wire matrix_mul_formal.\b00 [3] is used but has no driver.
Warning: Wire matrix_mul_formal.\b00 [2] is used but has no driver.
Warning: Wire matrix_mul_formal.\b00 [1] is used but has no driver.
Warning: Wire matrix_mul_formal.\b00 [0] is used but has no driver.
Warning: Wire matrix_mul_formal.\a00 [7] is used but has no driver.
Warning: Wire matrix_mul_formal.\a00 [6] is used but has no driver.
Warning: Wire matrix_mul_formal.\a00 [5] is used but has no driver.
Warning: Wire matrix_mul_formal.\a00 [4] is used but has no driver.
Warning: Wire matrix_mul_formal.\a00 [3] is used but has no driver.
Warning: Wire matrix_mul_formal.\a00 [2] is used but has no driver.
Warning: Wire matrix_mul_formal.\a00 [1] is used but has no driver.
Warning: Wire matrix_mul_formal.\a00 [0] is used but has no driver.
Warning: Wire matrix_mul_formal.\clk is used but has no driver.
Found and reported 67 problems.

4. Executing HIERARCHY pass (managing design hierarchy).
Attribute `top' found on module `matrix_mul_formal'. Setting top module to matrix_mul_formal.

4.1. Analyzing design hierarchy..
Top module:  \matrix_mul_formal
Used module:     \matrix_mul

4.2. Analyzing design hierarchy..
Top module:  \matrix_mul_formal
Used module:     \matrix_mul
Removed 0 unused modules.
Module matrix_mul_formal directly or indirectly contains formal properties -> setting "keep" attribute.

5. Executing jny backend.

6. Executing RTLIL backend.
Output filename: ../model/design.il

Warnings: 67 unique messages, 134 total
End of script. Logfile hash: ff48a82976
Yosys 0.56 (git sha1 9c447ad9d4b1ea589369364eea38b4d70da2c599, x86_64-w64-mingw32-g++ 16.1.0 -march=nocona -msahf -mtune=generic -O2 -fstack-protector-strong -O3)
Time spent: 3% 6x opt_expr (0 sec), 3% 5x opt_clean (0 sec), ...
